[replication] config: ReplicationConfig(seq_lens=(1, 3, 7, 14, 30, 60), model_types=('rnn', 'lstm'), methods=('none', 'dropout', 'mc_dropout', 'pruning'), trials=5, epochs=20, hidden_size=32, batch_size=64, lr=0.001, device='auto')
[replication] rnn_seq1 none trial 0...
[replication] rnn_seq1 none trial 1...
[replication] rnn_seq1 none trial 2...
[replication] rnn_seq1 none trial 3...
[replication] rnn_seq1 none trial 4...
[replication] rnn_seq1 dropout trial 0...
[replication] rnn_seq1 dropout trial 1...
[replication] rnn_seq1 dropout trial 2...
[replication] rnn_seq1 dropout trial 3...
[replication] rnn_seq1 dropout trial 4...
[replication] rnn_seq1 mc_dropout trial 0...
[replication] rnn_seq1 mc_dropout trial 1...
[replication] rnn_seq1 mc_dropout trial 2...
[replication] rnn_seq1 mc_dropout trial 3...
[replication] rnn_seq1 mc_dropout trial 4...
[replication] rnn_seq1 pruning trial 0...
[replication] rnn_seq1 pruning trial 1...
[replication] rnn_seq1 pruning trial 2...
[replication] rnn_seq1 pruning trial 3...
[replication] rnn_seq1 pruning trial 4...
[replication] lstm_seq1 none trial 0...
[replication] lstm_seq1 none trial 1...
[replication] lstm_seq1 none trial 2...
[replication] lstm_seq1 none trial 3...
[replication] lstm_seq1 none trial 4...
[replication] lstm_seq1 dropout trial 0...
[replication] lstm_seq1 dropout trial 1...
[replication] lstm_seq1 dropout trial 2...
[replication] lstm_seq1 dropout trial 3...
[replication] lstm_seq1 dropout trial 4...
[replication] lstm_seq1 mc_dropout trial 0...
[replication] lstm_seq1 mc_dropout trial 1...
[replication] lstm_seq1 mc_dropout trial 2...
[replication] lstm_seq1 mc_dropout trial 3...
[replication] lstm_seq1 mc_dropout trial 4...
[replication] lstm_seq1 pruning trial 0...
[replication] lstm_seq1 pruning trial 1...
[replication] lstm_seq1 pruning trial 2...
[replication] lstm_seq1 pruning trial 3...
[replication] lstm_seq1 pruning trial 4...
[replication] rnn_seq3 none trial 0...
[replication] rnn_seq3 none trial 1...
[replication] rnn_seq3 none trial 2...
[replication] rnn_seq3 none trial 3...
[replication] rnn_seq3 none trial 4...
[replication] rnn_seq3 dropout trial 0...
[replication] rnn_seq3 dropout trial 1...
[replication] rnn_seq3 dropout trial 2...
[replication] rnn_seq3 dropout trial 3...
[replication] rnn_seq3 dropout trial 4...
[replication] rnn_seq3 mc_dropout trial 0...
[replication] rnn_seq3 mc_dropout trial 1...
[replication] rnn_seq3 mc_dropout trial 2...
[replication] rnn_seq3 mc_dropout trial 3...
[replication] rnn_seq3 mc_dropout trial 4...
[replication] rnn_seq3 pruning trial 0...
[replication] rnn_seq3 pruning trial 1...
[replication] rnn_seq3 pruning trial 2...
[replication] rnn_seq3 pruning trial 3...
[replication] rnn_seq3 pruning trial 4...
[replication] lstm_seq3 none trial 0...
[replication] lstm_seq3 none trial 1...
[replication] lstm_seq3 none trial 2...
[replication] lstm_seq3 none trial 3...
[replication] lstm_seq3 none trial 4...
[replication] lstm_seq3 dropout trial 0...
[replication] lstm_seq3 dropout trial 1...
[replication] lstm_seq3 dropout trial 2...
[replication] lstm_seq3 dropout trial 3...
[replication] lstm_seq3 dropout trial 4...
[replication] lstm_seq3 mc_dropout trial 0...
[replication] lstm_seq3 mc_dropout trial 1...
[replication] lstm_seq3 mc_dropout trial 2...
[replication] lstm_seq3 mc_dropout trial 3...
[replication] lstm_seq3 mc_dropout trial 4...
[replication] lstm_seq3 pruning trial 0...
[replication] lstm_seq3 pruning trial 1...
[replication] lstm_seq3 pruning trial 2...
[replication] lstm_seq3 pruning trial 3...
[replication] lstm_seq3 pruning trial 4...
[replication] rnn_seq7 none trial 0...
[replication] rnn_seq7 none trial 1...
[replication] rnn_seq7 none trial 2...
[replication] rnn_seq7 none trial 3...
[replication] rnn_seq7 none trial 4...
[replication] rnn_seq7 dropout trial 0...
[replication] rnn_seq7 dropout trial 1...
[replication] rnn_seq7 dropout trial 2...
[replication] rnn_seq7 dropout trial 3...
[replication] rnn_seq7 dropout trial 4...
[replication] rnn_seq7 mc_dropout trial 0...
[replication] rnn_seq7 mc_dropout trial 1...
[replication] rnn_seq7 mc_dropout trial 2...
[replication] rnn_seq7 mc_dropout trial 3...
[replication] rnn_seq7 mc_dropout trial 4...
[replication] rnn_seq7 pruning trial 0...
[replication] rnn_seq7 pruning trial 1...
[replication] rnn_seq7 pruning trial 2...
[replication] rnn_seq7 pruning trial 3...
[replication] rnn_seq7 pruning trial 4...
[replication] lstm_seq7 none trial 0...
[replication] lstm_seq7 none trial 1...
[replication] lstm_seq7 none trial 2...
[replication] lstm_seq7 none trial 3...
[replication] lstm_seq7 none trial 4...
[replication] lstm_seq7 dropout trial 0...
[replication] lstm_seq7 dropout trial 1...
[replication] lstm_seq7 dropout trial 2...
[replication] lstm_seq7 dropout trial 3...
[replication] lstm_seq7 dropout trial 4...
[replication] lstm_seq7 mc_dropout trial 0...
[replication] lstm_seq7 mc_dropout trial 1...
[replication] lstm_seq7 mc_dropout trial 2...
[replication] lstm_seq7 mc_dropout trial 3...
[replication] lstm_seq7 mc_dropout trial 4...
[replication] lstm_seq7 pruning trial 0...
[replication] lstm_seq7 pruning trial 1...
[replication] lstm_seq7 pruning trial 2...
[replication] lstm_seq7 pruning trial 3...
[replication] lstm_seq7 pruning trial 4...
[replication] rnn_seq14 none trial 0...
[replication] rnn_seq14 none trial 1...
[replication] rnn_seq14 none trial 2...
[replication] rnn_seq14 none trial 3...
[replication] rnn_seq14 none trial 4...
[replication] rnn_seq14 dropout trial 0...
[replication] rnn_seq14 dropout trial 1...
[replication] rnn_seq14 dropout trial 2...
[replication] rnn_seq14 dropout trial 3...
[replication] rnn_seq14 dropout trial 4...
[replication] rnn_seq14 mc_dropout trial 0...
[replication] rnn_seq14 mc_dropout trial 1...
[replication] rnn_seq14 mc_dropout trial 2...
[replication] rnn_seq14 mc_dropout trial 3...
[replication] rnn_seq14 mc_dropout trial 4...
[replication] rnn_seq14 pruning trial 0...
[replication] rnn_seq14 pruning trial 1...
